// Jest Snapshot v1, https://goo.gl/fbAQLP

exports[`<DialogComponent /> render component 1`] = `<div />`;
